Godot Engine v4.4.1.stable.official.49a5bc7b6 - https://godotengine.org
OpenGL API 3.3.0 NVIDIA 560.94 - Compatibility - Using Device: NVIDIA - NVIDIA GeForce GTX 1660 SUPER

Microphone Service | v7.2: AudioEffectCapture on Plmic speaker_mode=0 bus_ch=1 mix_rate=48000 buffer=20.0s
M | Data successfully loaded.
UC | Expected user file 'user://game/packs_host/Default/config_host.json' does not exist
UC | Using entirety of default JSON
UC | Expected user file 'user://game/packs_judges/Default/config_judges.json' does not exist
UC | Using entirety of default JSON
UC | Expected user file 'user://game/packs_menu/Default/config_menu.json' does not exist
UC | Using entirety of default JSON
UC | Expected user file 'user://game/packs_studio/Default/config_studio.json' does not exist
UC | Using entirety of default JSON
UC | Expected user file 'user://game/packs_player/Default/config_player.json' does not exist
UC | Using entirety of default JSON
UC | Beginning folder population with res://game_default/packs_voice/The Choicer Voicer Tutorial Pack/ as a base
M | Data successfully saved.
		ChoicerVoicerTutorialPack1.png.import
		ChoicerVoicerTutorialPack1.txt
UC | Copying default file from res://game_default/packs_voice/The Choicer Voicer Tutorial Pack/ChoicerVoicerTutorialPack1.txt -> user://game/packs_voice/The Choicer Voicer Tutorial Pack/ChoicerVoicerTutorialPack1.txt
		ChoicerVoicerTutorialPack1.wav.import
		ChoicerVoicerTutorialPack2.png.import
		ChoicerVoicerTutorialPack2.wav.import
		ChoicerVoicerTutorialPack3.png.import
		ChoicerVoicerTutorialPack3.wav.import
		ChoicerVoicerTutorialPack4.png.import
		ChoicerVoicerTutorialPack4.wav.import
		ChoicerVoicerTutorialPack5.png.import
		ChoicerVoicerTutorialPack5.wav.import
		_author.txt
UC | Copying default file from res://game_default/packs_voice/The Choicer Voicer Tutorial Pack/_author.txt -> user://game/packs_voice/The Choicer Voicer Tutorial Pack/_author.txt
		_subtitle.txt
UC | Copying default file from res://game_default/packs_voice/The Choicer Voicer Tutorial Pack/_subtitle.txt -> user://game/packs_voice/The Choicer Voicer Tutorial Pack/_subtitle.txt
UC | Expected user file 'user://game/packs_menu/Default/config_menu.json' does not exist
UC | Using entirety of default JSON
UC | Expected user file 'user://game/packs_menu/Default/config_menu.json' does not exist
UC | Using entirety of default JSON
MenuMaster | Music change hash comparison: -1 vs 2431071213
M | Data successfully saved.
UC | Expected user file 'user://game/packs_menu/Default/config_menu.json' does not exist
UC | Using entirety of default JSON
MenuMaster | Music change hash comparison: -1 vs 2431071213
BusMaster | Devices has chosen in of 'Default'
BusMaster | Devices has chosen out of 'Default'


M | Data successfully saved.
VD | [Image] Target file path `user://game/packs_voice/5 AM at Freddys The Prequel/icon.png` does not exist.
VD | [Image] Target file path `user://game/packs_voice/Blue Lock Rin vs Sae/icon.png` does not exist.
WARNING: Not a PNG file
   at: check_error (drivers/png/png_driver_common.cpp:56)
ERROR: Condition "!success" is true. Returning: ERR_FILE_CORRUPT
   at: png_to_image (drivers/png/png_driver_common.cpp:69)
ERROR: Error loading image: 'user://game/packs_voice/GIVE ME THE BALL/icon.png'.
   at: load_image (core/io/image_loader.cpp:100)
ERROR: Failed to load image. Error 16
   at: load_from_file (core/io/image.cpp:2554)
VD | Failed to load image file from path `user://game/packs_voice/GIVE ME THE BALL/icon.png`
WARNING: Not a PNG file
   at: check_error (drivers/png/png_driver_common.cpp:56)
ERROR: Condition "!success" is true. Returning: ERR_FILE_CORRUPT
   at: png_to_image (drivers/png/png_driver_common.cpp:69)
ERROR: Error loading image: 'user://game/packs_voice/Henrys Speech fnaf 6/icon.png'.
   at: load_image (core/io/image_loader.cpp:100)
ERROR: Failed to load image. Error 16
   at: load_from_file (core/io/image.cpp:2554)
VD | Failed to load image file from path `user://game/packs_voice/Henrys Speech fnaf 6/icon.png`
ERROR: BUG: Unreferenced static string to 0: _exit_world
   at: unref (core/string/string_name.cpp:142)
ERROR: BUG: Unreferenced static string to 0: _enter_world
   at: unref (core/string/string_name.cpp:142)
ERROR: BUG: Unreferenced static string to 0: servers
   at: unref (core/string/string_name.cpp:142)
ERROR: BUG: Unreferenced static string to 0: Physics2DConstraintSolveIslands
   at: unref (core/string/string_name.cpp:142)
ERROR: BUG: Unreferenced static string to 0: Physics2DConstraintSetup
   at: unref (core/string/string_name.cpp:142)
ERROR: BUG: Unreferenced static string to 0: markers
   at: unref (core/string/string_name.cpp:142)
ERROR: BUG: Unreferenced static string to 0: _compression
   at: unref (core/string/string_name.cpp:142)
ERROR: BUG: Unreferenced static string to 0: @export_range
   at: unref (core/string/string_name.cpp:144)
ERROR: BUG: Unreferenced static string to 0: @export_multiline
   at: unref (core/string/string_name.cpp:144)
ERROR: BUG: Unreferenced static string to 0: @export_enum
   at: unref (core/string/string_name.cpp:144)
ERROR: BUG: Unreferenced static string to 0: @export_node_path
   at: unref (core/string/string_name.cpp:144)
ERROR: BUG: Unreferenced static string to 0: @warning_ignore_restore
   at: unref (core/string/string_name.cpp:144)
ERROR: BUG: Unreferenced static string to 0: @export_flags
   at: unref (core/string/string_name.cpp:144)
ERROR: BUG: Unreferenced static string to 0: @tool
   at: unref (core/string/string_name.cpp:144)
ERROR: BUG: Unreferenced static string to 0: @warning_ignore_start
   at: unref (core/string/string_name.cpp:144)
ERROR: BUG: Unreferenced static string to 0: @export_placeholder
   at: unref (core/string/string_name.cpp:144)
ERROR: BUG: Unreferenced static string to 0: @warning_ignore
   at: unref (core/string/string_name.cpp:144)
ERROR: BUG: Unreferenced static string to 0: @icon
   at: unref (core/string/string_name.cpp:144)
ERROR: 7 RID allocations of type '23NavMeshGeometryParser2D' were leaked at exit.
ERROR: 6 RID allocations of type '23NavMeshGeometryParser3D' were leaked at exit.
ERROR: Pages in use exist at exit in PagedAllocator: N7Variant5Pools11BucketLargeE
   at: ~PagedAllocator (./core/templates/paged_allocator.h:170)
